// Jest Snapshot v1, https://goo.gl/fbAQLP

exports[`Comments should render correctly 1`] = `
Object {
  "asFragment": [Function],
  "baseElement": <body>
    <div>
      <div>
        <div
          class="MuiBox-root MuiBox-root-5"
        >
          <div
            class="MuiBox-root MuiBox-root-6"
          >
            <div
              class="MuiAvatar-root MuiAvatar-circle MuiAvatar-colorDefault"
            >
              <svg
                aria-hidden="true"
                class="MuiSvgIcon-root MuiAvatar-fallback"
                focusable="false"
                viewBox="0 0 24 24"
              >
                <path
                  d="M12 12c2.21 0 4-1.79 4-4s-1.79-4-4-4-4 1.79-4 4 1.79 4 4 4zm0 2c-2.67 0-8 1.34-8 4v2h16v-2c0-2.66-5.33-4-8-4z"
                />
              </svg>
            </div>
          </div>
          <div
            class="MuiBox-root MuiBox-root-7"
          >
            <p
              class="MuiTypography-root makeStyles-inline-3 MuiTypography-body1"
            />
            <p
              class="MuiTypography-root makeStyles-lowText-4 MuiTypography-body1"
            />
            <a
              class="MuiTypography-root MuiLink-root MuiLink-underlineHover makeStyles-lowText-4 MuiTypography-colorInherit"
              rel="noopener noreferrer"
              target="_blank"
            >
              #
            </a>
            <p
              class="MuiTypography-root makeStyles-comment-2 MuiTypography-body1"
            />
          </div>
        </div>
      </div>
    </div>
  </body>,
  "container": <div>
    <div>
      <div
        class="MuiBox-root MuiBox-root-5"
      >
        <div
          class="MuiBox-root MuiBox-root-6"
        >
          <div
            class="MuiAvatar-root MuiAvatar-circle MuiAvatar-colorDefault"
          >
            <svg
              aria-hidden="true"
              class="MuiSvgIcon-root MuiAvatar-fallback"
              focusable="false"
              viewBox="0 0 24 24"
            >
              <path
                d="M12 12c2.21 0 4-1.79 4-4s-1.79-4-4-4-4 1.79-4 4 1.79 4 4 4zm0 2c-2.67 0-8 1.34-8 4v2h16v-2c0-2.66-5.33-4-8-4z"
              />
            </svg>
          </div>
        </div>
        <div
          class="MuiBox-root MuiBox-root-7"
        >
          <p
            class="MuiTypography-root makeStyles-inline-3 MuiTypography-body1"
          />
          <p
            class="MuiTypography-root makeStyles-lowText-4 MuiTypography-body1"
          />
          <a
            class="MuiTypography-root MuiLink-root MuiLink-underlineHover makeStyles-lowText-4 MuiTypography-colorInherit"
            rel="noopener noreferrer"
            target="_blank"
          >
            #
          </a>
          <p
            class="MuiTypography-root makeStyles-comment-2 MuiTypography-body1"
          />
        </div>
      </div>
    </div>
  </div>,
  "debug": [Function],
  "findAllByAltText": [Function],
  "findAllByDisplayValue": [Function],
  "findAllByLabelText": [Function],
  "findAllByPlaceholderText": [Function],
  "findAllByRole": [Function],
  "findAllByTestId": [Function],
  "findAllByText": [Function],
  "findAllByTitle": [Function],
  "findByAltText": [Function],
  "findByDisplayValue": [Function],
  "findByLabelText": [Function],
  "findByPlaceholderText": [Function],
  "findByRole": [Function],
  "findByTestId": [Function],
  "findByText": [Function],
  "findByTitle": [Function],
  "getAllByAltText": [Function],
  "getAllByDisplayValue": [Function],
  "getAllByLabelText": [Function],
  "getAllByPlaceholderText": [Function],
  "getAllByRole": [Function],
  "getAllByTestId": [Function],
  "getAllByText": [Function],
  "getAllByTitle": [Function],
  "getByAltText": [Function],
  "getByDisplayValue": [Function],
  "getByLabelText": [Function],
  "getByPlaceholderText": [Function],
  "getByRole": [Function],
  "getByTestId": [Function],
  "getByText": [Function],
  "getByTitle": [Function],
  "queryAllByAltText": [Function],
  "queryAllByDisplayValue": [Function],
  "queryAllByLabelText": [Function],
  "queryAllByPlaceholderText": [Function],
  "queryAllByRole": [Function],
  "queryAllByTestId": [Function],
  "queryAllByText": [Function],
  "queryAllByTitle": [Function],
  "queryByAltText": [Function],
  "queryByDisplayValue": [Function],
  "queryByLabelText": [Function],
  "queryByPlaceholderText": [Function],
  "queryByRole": [Function],
  "queryByTestId": [Function],
  "queryByText": [Function],
  "queryByTitle": [Function],
  "rerender": [Function],
  "unmount": [Function],
}
`;
